Product projects
---------------------------------------
C:\Users\Celso Matos Costa\source\repos\SellGold\SellGold.Orders\SellGold.Orders.csproj
C:\Users\Celso Matos Costa\source\repos\SellGold\SellGold.Suppliers\SellGold.Suppliers.csproj
C:\Users\Celso Matos Costa\source\repos\SellGold\SellGold\SellGold.csproj
C:\Users\Celso Matos Costa\source\repos\SellGold\SellGold.AppHost\SellGold.AppHost.csproj
C:\Users\Celso Matos Costa\source\repos\SellGold\SellGold.Promotions\SellGold.Promotions.csproj
C:\Users\Celso Matos Costa\source\repos\SellGold\SellGold.Customers\SellGold.Customers.csproj
C:\Users\Celso Matos Costa\source\repos\SellGold\SellGold.Products\SellGold.Products.csproj
C:\Users\Celso Matos Costa\source\repos\SellGold\SellGold.Stock\SellGold.Stock.csproj
C:\Users\Celso Matos Costa\source\repos\SellGold\SellGold.Payments\SellGold.Payments.csproj
C:\Users\Celso Matos Costa\source\repos\SellGold\SellGold.Prices\SellGold.Prices.csproj


Test projects
---------------------------------------


Invalid projects
---------------------------------------
{none}


Skipped projects
---------------------------------------
{none}


Excluded projects
---------------------------------------
{none}


